<?xml version="1.0" encoding="utf-8"?><testsuites><testsuite name="pytest" errors="0" failures="0" skipped="0" tests="32" time="3.904" timestamp="2025-07-05T17:00:05.559702" hostname="79d5e7f5be31"><testcase classname="src.test_random_walk.TestRandomWalkModel" name="test_model_initialization" time="0.001" /><testcase classname="src.test_random_walk.TestRandomWalkModel" name="test_add_price" time="0.002" /><testcase classname="src.test_random_walk.TestRandomWalkModel" name="test_window_size_limit" time="0.001" /><testcase classname="src.test_random_walk.TestRandomWalkModel" name="test_parameter_update" time="0.002" /><testcase classname="src.test_random_walk.TestRandomWalkModel" name="test_simulation_future_prices" time="0.001" /><testcase classname="src.test_random_walk.TestRandomWalkModel" name="test_price_forecast" time="0.002" /><testcase classname="src.test_random_walk.TestRandomWalkModel" name="test_buy_sell_probability" time="0.002" /><testcase classname="src.test_random_walk.TestRandomWalkModel" name="test_trading_signal_generation" time="0.002" /><testcase classname="src.test_random_walk.TestRandomWalkModel" name="test_empty_price_history" time="0.001" /><testcase classname="src.test_random_walk.TestRandomWalkModel" name="test_statistics" time="0.001" /><testcase classname="src.test_random_walk.TestSampleDataGeneration" name="test_sample_data_generation" time="0.001" /><testcase classname="src.test_random_walk.TestTradingVisualizer" name="test_visualizer_initialization" time="0.002" /><testcase classname="src.test_random_walk.TestTradingVisualizer" name="test_plot_methods_exist" time="0.001" /><testcase classname="src.test_random_walk.TestIntegration" name="test_full_workflow" time="0.005" /><testcase classname="src.test_random_walk" name="test_model_robustness" time="0.003" /><testcase classname="src.test_trend_indicators.TestTrendIndicators" name="test_sma_calculation" time="0.005" /><testcase classname="src.test_trend_indicators.TestTrendIndicators" name="test_ema_calculation" time="0.001" /><testcase classname="src.test_trend_indicators.TestTrendIndicators" name="test_macd_calculation" time="0.001" /><testcase classname="src.test_trend_indicators.TestTrendIndicators" name="test_rsi_calculation" time="0.002" /><testcase classname="src.test_trend_indicators.TestTrendIndicators" name="test_bollinger_bands" time="0.002" /><testcase classname="src.test_trend_indicators.TestTrendIndicators" name="test_stochastic" time="0.001" /><testcase classname="src.test_trend_indicators.TestTrendIndicators" name="test_williams_r" time="0.001" /><testcase classname="src.test_trend_indicators.TestTrendSignalAnalyzer" name="test_ma_crossover_analysis" time="0.001" /><testcase classname="src.test_trend_indicators.TestTrendSignalAnalyzer" name="test_macd_signal_analysis" time="0.001" /><testcase classname="src.test_trend_indicators.TestTrendSignalAnalyzer" name="test_rsi_signal_analysis" time="0.001" /><testcase classname="src.test_trend_indicators.TestTrendSignalAnalyzer" name="test_bollinger_bands_analysis" time="0.002" /><testcase classname="src.test_trend_indicators.TestTrendSignalAnalyzer" name="test_comprehensive_signal" time="0.003" /><testcase classname="src.test_trend_indicators.TestTrendSignalAnalyzer" name="test_signal_types" time="0.008" /><testcase classname="src.test_trend_indicators.TestTrendSignalAnalyzer" name="test_edge_cases" time="0.007" /><testcase classname="src.test_trend_indicators.TestIntegrationTrend" name="test_full_trend_analysis_workflow" time="0.006" /><testcase classname="src.test_trend_indicators.TestIntegrationTrend" name="test_trend_signal_consistency" time="0.004" /><testcase classname="src.test_trend_indicators" name="test_trend_indicators_robustness" time="0.006" /></testsuite></testsuites>